E1:1:4:1:-:-:
moveables end
1:+:99:-:0:E1:-:2:
2:+:99:-:6:-:-:1:
tiles end