E1:1:4:3:-:R:
E2:1:4:2:-:-:
moveables end
1:+:-1:-:0:E1,E2:-:2:
2:-:0:-:0:-:-:1:
tiles end