E1:2:2:1:-:D
moveables end
1:-:0: :0: : :2
2:+:99: :0:E1: :1