E1:1:2:0:-:-:
E2:1:2:4:-:-:
moveables end
1:+:99:-:2:E1,E2:-:-:
tiles end