E1:2:4:1:-:
moveables end
1:-:3: :0: : :2
2:+:99: :0:E1: :1