E1:1:0:4:+:-:
moveables end
1:-:0:-:0:E1:-:2:
2:-:0:-:0:-:-:1:
tiles end