E1:2:4:4:-:-:
P1:2:
moveables end
1:+:99:-:0:-:-:2:
2:+:99:I:0:E1,P1:-:1:
tiles end