E1:1:4:1:-:Sh:
moveables end
1:+:-1:-:0:E1:-:2:
2:+:-1:-:2:-:-:1:
tiles end