E1:1:4:1:-:S:
moveables end
1:+:99:-:0:E1:-:2:
2:+:99:-:0:-:-:1:
tiles end