E1:1:0:4:-:-:
moveables end
1:+:-1:-:0:E1:-:-:
tiles end