E1:1:2:1:-:-:
moveables end
1:+:99:-:0:E1:-:2:
2:+:99:-:0:-:-:1:
tiles end