E1:6:4:0:-:-:
R1:12:4:0:+:-:
R2:12:4:4:+:-:
P1:02:
moveables end
1:-:1:-:3:-:PP:2,4,8:
2:+:99:-:4:P1:-:1,3,4,5:
3:-:0:-:0:-:-:2,5,6:
4:-:0:-:0:-:-:1,2,5,8,9:
5:+:99:-:4:-:PP:2,3,4,6,9,10:
6:-:1:-:3:E1:-:3,5,7,10,13:
7:-:0:-:0:-:-:6,13:
8:+:99:-:4:-:PP:1,4,9,11:
9:+:99:-:4:-:S:4,5,8,10,11,12:
10:-:0:-:0:-:-:5,6,9,12,13:
11:-:0:-:0:-:-:8,9,12:
12:-:1:-:3:R2,R1:-:9,10,11,13:
13:+:99:-:4:-:-:6,7,10,12:
tiles end