P1:2:
moveables end
1:+:99:-:0:-:-:2:
2:+:99:-:0:P1:-:1:
tiles end